;golden
;SUNLIGHT DIRECTION VECTOR
SunDirection	= 100,100,100
;SUNLIGHT STRENGH MULTIPLIER (DEFAULT 100)
SunStrength     = 100
;SUN COLOR (RGB)
SunColor        = 255,214,133
;SUN ROTATION
SunRotation	= 312
